
-- Running command `read_verilog -sv synthesis/matrix_layer_yosys.sv; hierarchy -top matrix_layer_yosys; proc; opt; memory; opt; techmap; opt; stat' --

1. Executing Verilog-2005 frontend: synthesis/matrix_layer_yosys.sv
Parsing SystemVerilog input from `synthesis/matrix_layer_yosys.sv' to AST representation.
Generating RTLIL representation for module `\matrix_layer_yosys'.
Successfully finished Verilog frontend.

2. Executing HIERARCHY pass (managing design hierarchy).

2.1. Analyzing design hierarchy..
Top module:  \matrix_layer_yosys

2.2. Analyzing design hierarchy..
Top module:  \matrix_layer_yosys
Removed 0 unused modules.

3. Executing PROC pass (convert processes to netlists).

3.1. Executing PROC_CLEAN pass (remove empty switches from decision trees).
Cleaned up 0 empty switches.

3.2. Executing PROC_RMDEAD pass (remove dead branches from decision trees).
Marked 5 switch rules as full_case in process $proc$synthesis/matrix_layer_yosys.sv:0$67 in module matrix_layer_yosys.
Marked 5 switch rules as full_case in process $proc$synthesis/matrix_layer_yosys.sv:57$10 in module matrix_layer_yosys.
Removed a total of 0 dead cases.

3.3. Executing PROC_PRUNE pass (remove redundant assignments in processes).
Removed 1 redundant assignment.
Promoted 18 assignments to connections.

3.4. Executing PROC_INIT pass (extract init attributes).

3.5. Executing PROC_ARST pass (detect async resets in processes).

3.6. Executing PROC_ROM pass (convert switches to ROMs).
Converted 0 switches.
<suppressed ~11 debug messages>

3.7. Executing PROC_MUX pass (convert decision trees to multiplexers).
Creating decoders for process `\matrix_layer_yosys.$proc$synthesis/matrix_layer_yosys.sv:0$67'.
     1/7: $5\next_state[2:0]
     2/7: $4\next_state[2:0]
     3/7: $3\next_state[2:0]
     4/7: $2\next_state[2:0]
     5/7: $1\next_state[2:0]
     6/7: $1\dot_start[0:0]
     7/7: $1\done[0:0]
Creating decoders for process `\matrix_layer_yosys.$proc$synthesis/matrix_layer_yosys.sv:57$10'.
     1/20: $2$lookahead\output_data$9[71:0]$35
     2/20: $2$bitselwrite$data$synthesis/matrix_layer_yosys.sv:77$4[71:0]$30
     3/20: $2$bitselwrite$mask$synthesis/matrix_layer_yosys.sv:77$3[71:0]$29
     4/20: $2$bitselwrite$sel$synthesis/matrix_layer_yosys.sv:77$5[31:0]$31
     5/20: $2$bitselwrite$sel$synthesis/matrix_layer_yosys.sv:80$8[31:0]$34
     6/20: $2$bitselwrite$data$synthesis/matrix_layer_yosys.sv:80$7[71:0]$33
     7/20: $2$bitselwrite$mask$synthesis/matrix_layer_yosys.sv:80$6[71:0]$32
     8/20: $1$lookahead\output_data$9[71:0]$27
     9/20: $1$bitselwrite$sel$synthesis/matrix_layer_yosys.sv:80$8[31:0]$26
    10/20: $1$bitselwrite$data$synthesis/matrix_layer_yosys.sv:80$7[71:0]$25
    11/20: $1$bitselwrite$mask$synthesis/matrix_layer_yosys.sv:80$6[71:0]$24
    12/20: $1$bitselwrite$sel$synthesis/matrix_layer_yosys.sv:77$5[31:0]$23
    13/20: $1$bitselwrite$data$synthesis/matrix_layer_yosys.sv:77$4[71:0]$22
    14/20: $1$bitselwrite$mask$synthesis/matrix_layer_yosys.sv:77$3[71:0]$21
    15/20: $0\state[2:0]
    16/20: $0\col_index[0:0]
    17/20: $0\row_index[0:0]
    18/20: $0\bias_reg[33:0]
    19/20: $0\weight_reg[31:0]
    20/20: $0\input_data_reg[31:0]

3.8. Executing PROC_DLATCH pass (convert process syncs to latches).
No latch inferred for signal `\matrix_layer_yosys.\busy' from process `\matrix_layer_yosys.$proc$synthesis/matrix_layer_yosys.sv:0$67'.
No latch inferred for signal `\matrix_layer_yosys.\done' from process `\matrix_layer_yosys.$proc$synthesis/matrix_layer_yosys.sv:0$67'.
No latch inferred for signal `\matrix_layer_yosys.\dot_input' from process `\matrix_layer_yosys.$proc$synthesis/matrix_layer_yosys.sv:0$67'.
No latch inferred for signal `\matrix_layer_yosys.\dot_weight' from process `\matrix_layer_yosys.$proc$synthesis/matrix_layer_yosys.sv:0$67'.
No latch inferred for signal `\matrix_layer_yosys.\bias_result' from process `\matrix_layer_yosys.$proc$synthesis/matrix_layer_yosys.sv:0$67'.
No latch inferred for signal `\matrix_layer_yosys.\dot_start' from process `\matrix_layer_yosys.$proc$synthesis/matrix_layer_yosys.sv:0$67'.
No latch inferred for signal `\matrix_layer_yosys.\next_state' from process `\matrix_layer_yosys.$proc$synthesis/matrix_layer_yosys.sv:0$67'.
No latch inferred for signal `\matrix_layer_yosys.$fordecl_block$1.k' from process `\matrix_layer_yosys.$proc$synthesis/matrix_layer_yosys.sv:0$67'.

3.9. Executing PROC_DFF pass (convert process syncs to FFs).
Creating register for signal `\matrix_layer_yosys.\output_data' using process `\matrix_layer_yosys.$proc$synthesis/matrix_layer_yosys.sv:57$10'.
  created $dff cell `$procdff$244' with positive edge clock.
Creating register for signal `\matrix_layer_yosys.\input_data_reg' using process `\matrix_layer_yosys.$proc$synthesis/matrix_layer_yosys.sv:57$10'.
  created $dff cell `$procdff$245' with positive edge clock.
Creating register for signal `\matrix_layer_yosys.\weight_reg' using process `\matrix_layer_yosys.$proc$synthesis/matrix_layer_yosys.sv:57$10'.
  created $dff cell `$procdff$246' with positive edge clock.
Creating register for signal `\matrix_layer_yosys.\bias_reg' using process `\matrix_layer_yosys.$proc$synthesis/matrix_layer_yosys.sv:57$10'.
  created $dff cell `$procdff$247' with positive edge clock.
Creating register for signal `\matrix_layer_yosys.\row_index' using process `\matrix_layer_yosys.$proc$synthesis/matrix_layer_yosys.sv:57$10'.
  created $dff cell `$procdff$248' with positive edge clock.
Creating register for signal `\matrix_layer_yosys.\col_index' using process `\matrix_layer_yosys.$proc$synthesis/matrix_layer_yosys.sv:57$10'.
  created $dff cell `$procdff$249' with positive edge clock.
Creating register for signal `\matrix_layer_yosys.\state' using process `\matrix_layer_yosys.$proc$synthesis/matrix_layer_yosys.sv:57$10'.
  created $dff cell `$procdff$250' with positive edge clock.
Creating register for signal `\matrix_layer_yosys.$bitselwrite$mask$synthesis/matrix_layer_yosys.sv:77$3' using process `\matrix_layer_yosys.$proc$synthesis/matrix_layer_yosys.sv:57$10'.
  created $dff cell `$procdff$251' with positive edge clock.
Creating register for signal `\matrix_layer_yosys.$bitselwrite$data$synthesis/matrix_layer_yosys.sv:77$4' using process `\matrix_layer_yosys.$proc$synthesis/matrix_layer_yosys.sv:57$10'.
  created $dff cell `$procdff$252' with positive edge clock.
Creating register for signal `\matrix_layer_yosys.$bitselwrite$sel$synthesis/matrix_layer_yosys.sv:77$5' using process `\matrix_layer_yosys.$proc$synthesis/matrix_layer_yosys.sv:57$10'.
  created $dff cell `$procdff$253' with positive edge clock.
Creating register for signal `\matrix_layer_yosys.$bitselwrite$mask$synthesis/matrix_layer_yosys.sv:80$6' using process `\matrix_layer_yosys.$proc$synthesis/matrix_layer_yosys.sv:57$10'.
  created $dff cell `$procdff$254' with positive edge clock.
Creating register for signal `\matrix_layer_yosys.$bitselwrite$data$synthesis/matrix_layer_yosys.sv:80$7' using process `\matrix_layer_yosys.$proc$synthesis/matrix_layer_yosys.sv:57$10'.
  created $dff cell `$procdff$255' with positive edge clock.
Creating register for signal `\matrix_layer_yosys.$bitselwrite$sel$synthesis/matrix_layer_yosys.sv:80$8' using process `\matrix_layer_yosys.$proc$synthesis/matrix_layer_yosys.sv:57$10'.
  created $dff cell `$procdff$256' with positive edge clock.
Creating register for signal `\matrix_layer_yosys.$lookahead\output_data$9' using process `\matrix_layer_yosys.$proc$synthesis/matrix_layer_yosys.sv:57$10'.
  created $dff cell `$procdff$257' with positive edge clock.

3.10. Executing PROC_MEMWR pass (convert process memory writes to cells).

3.11. Executing PROC_CLEAN pass (remove empty switches from decision trees).
Found and cleaned up 5 empty switches in `\matrix_layer_yosys.$proc$synthesis/matrix_layer_yosys.sv:0$67'.
Removing empty process `matrix_layer_yosys.$proc$synthesis/matrix_layer_yosys.sv:0$67'.
Found and cleaned up 6 empty switches in `\matrix_layer_yosys.$proc$synthesis/matrix_layer_yosys.sv:57$10'.
Removing empty process `matrix_layer_yosys.$proc$synthesis/matrix_layer_yosys.sv:57$10'.
Cleaned up 11 empty switches.

3.12. Executing OPT_EXPR pass (perform const folding).
Optimizing module matrix_layer_yosys.
<suppressed ~9 debug messages>

4. Executing OPT pass (performing simple optimizations).

4.1. Executing OPT_EXPR pass (perform const folding).
Optimizing module matrix_layer_yosys.
<suppressed ~31 debug messages>

4.2. Executing OPT_MERGE pass (detect identical cells).
Finding identical cells in module `\matrix_layer_yosys'.
<suppressed ~72 debug messages>
Removed a total of 24 cells.

4.3. Executing OPT_MUXTREE pass (detect dead branches in mux trees).
Running muxtree optimizer on module \matrix_layer_yosys..
  Creating internal representation of mux trees.
  Evaluating internal representation of mux trees.
  Analyzing evaluation results.
    dead port 1/2 on $mux $procmux$179.
    dead port 2/2 on $mux $procmux$179.
    dead port 1/2 on $mux $procmux$175.
    dead port 2/2 on $mux $procmux$175.
    dead port 1/2 on $mux $procmux$173.
    dead port 2/2 on $mux $procmux$173.
    dead port 1/2 on $mux $procmux$169.
    dead port 2/2 on $mux $procmux$169.
    dead port 1/2 on $mux $procmux$167.
    dead port 2/2 on $mux $procmux$167.
    dead port 1/2 on $mux $procmux$163.
    dead port 2/2 on $mux $procmux$163.
    dead port 1/2 on $mux $procmux$161.
    dead port 2/2 on $mux $procmux$161.
    dead port 1/2 on $mux $procmux$157.
    dead port 2/2 on $mux $procmux$157.
    dead port 1/2 on $mux $procmux$155.
    dead port 2/2 on $mux $procmux$155.
    dead port 2/2 on $mux $procmux$151.
    dead port 2/2 on $mux $procmux$129.
    dead port 2/2 on $mux $procmux$119.
    dead port 2/2 on $mux $procmux$111.
    dead port 2/2 on $mux $procmux$104.
    dead port 2/2 on $mux $procmux$102.
    dead port 1/2 on $mux $procmux$205.
    dead port 2/2 on $mux $procmux$205.
    dead port 1/2 on $mux $procmux$181.
    dead port 2/2 on $mux $procmux$181.
    dead port 1/2 on $mux $procmux$185.
    dead port 2/2 on $mux $procmux$185.
    dead port 1/2 on $mux $procmux$193.
    dead port 2/2 on $mux $procmux$193.
    dead port 1/2 on $mux $procmux$187.
    dead port 2/2 on $mux $procmux$187.
    dead port 1/2 on $mux $procmux$202.
    dead port 2/2 on $mux $procmux$202.
    dead port 1/2 on $mux $procmux$196.
    dead port 2/2 on $mux $procmux$196.
    dead port 1/2 on $mux $procmux$199.
    dead port 2/2 on $mux $procmux$199.
    dead port 1/2 on $mux $procmux$208.
    dead port 2/2 on $mux $procmux$208.
Removed 42 multiplexer ports.
<suppressed ~10 debug messages>

4.4. Executing OPT_REDUCE pass (consolidate $*mux and $reduce_* inputs).
  Optimizing cells in module \matrix_layer_yosys.
Performed a total of 0 changes.

4.5. Executing OPT_MERGE pass (detect identical cells).
Finding identical cells in module `\matrix_layer_yosys'.
Removed a total of 0 cells.

4.6. Executing OPT_DFF pass (perform DFF optimizations).
Adding EN signal on $procdff$244 ($dff) from module matrix_layer_yosys (D = $2$lookahead\output_data$9[71:0]$35, Q = \output_data).
Adding SRST signal on $procdff$250 ($dff) from module matrix_layer_yosys (D = \next_state, Q = \state, rval = 3'000).
Adding EN signal on $procdff$249 ($dff) from module matrix_layer_yosys (D = $procmux$222_Y, Q = \col_index).
Adding EN signal on $procdff$247 ($dff) from module matrix_layer_yosys (D = \bias, Q = \bias_reg).
Adding EN signal on $procdff$246 ($dff) from module matrix_layer_yosys (D = \weight, Q = \weight_reg).
Adding EN signal on $procdff$245 ($dff) from module matrix_layer_yosys (D = \input_data, Q = \input_data_reg).
Setting constant 1-bit at position 0 on $procdff$253 ($dff) from module matrix_layer_yosys.
Setting constant 1-bit at position 1 on $procdff$253 ($dff) from module matrix_layer_yosys.
Setting constant 1-bit at position 2 on $procdff$253 ($dff) from module matrix_layer_yosys.
Setting constant 1-bit at position 3 on $procdff$253 ($dff) from module matrix_layer_yosys.
Setting constant 1-bit at position 4 on $procdff$253 ($dff) from module matrix_layer_yosys.
Setting constant 1-bit at position 5 on $procdff$253 ($dff) from module matrix_layer_yosys.
Setting constant 1-bit at position 6 on $procdff$253 ($dff) from module matrix_layer_yosys.
Setting constant 1-bit at position 7 on $procdff$253 ($dff) from module matrix_layer_yosys.
Setting constant 1-bit at position 8 on $procdff$253 ($dff) from module matrix_layer_yosys.
Setting constant 1-bit at position 9 on $procdff$253 ($dff) from module matrix_layer_yosys.
Setting constant 1-bit at position 10 on $procdff$253 ($dff) from module matrix_layer_yosys.
Setting constant 1-bit at position 11 on $procdff$253 ($dff) from module matrix_layer_yosys.
Setting constant 1-bit at position 12 on $procdff$253 ($dff) from module matrix_layer_yosys.
Setting constant 1-bit at position 13 on $procdff$253 ($dff) from module matrix_layer_yosys.
Setting constant 1-bit at position 14 on $procdff$253 ($dff) from module matrix_layer_yosys.
Setting constant 1-bit at position 15 on $procdff$253 ($dff) from module matrix_layer_yosys.
Setting constant 1-bit at position 16 on $procdff$253 ($dff) from module matrix_layer_yosys.
Setting constant 1-bit at position 17 on $procdff$253 ($dff) from module matrix_layer_yosys.
Setting constant 1-bit at position 18 on $procdff$253 ($dff) from module matrix_layer_yosys.
Setting constant 1-bit at position 19 on $procdff$253 ($dff) from module matrix_layer_yosys.
Setting constant 1-bit at position 20 on $procdff$253 ($dff) from module matrix_layer_yosys.
Setting constant 1-bit at position 21 on $procdff$253 ($dff) from module matrix_layer_yosys.
Setting constant 1-bit at position 22 on $procdff$253 ($dff) from module matrix_layer_yosys.
Setting constant 1-bit at position 23 on $procdff$253 ($dff) from module matrix_layer_yosys.
Setting constant 1-bit at position 24 on $procdff$253 ($dff) from module matrix_layer_yosys.
Setting constant 1-bit at position 25 on $procdff$253 ($dff) from module matrix_layer_yosys.
Setting constant 1-bit at position 26 on $procdff$253 ($dff) from module matrix_layer_yosys.
Setting constant 1-bit at position 27 on $procdff$253 ($dff) from module matrix_layer_yosys.
Setting constant 1-bit at position 28 on $procdff$253 ($dff) from module matrix_layer_yosys.
Setting constant 1-bit at position 29 on $procdff$253 ($dff) from module matrix_layer_yosys.
Setting constant 1-bit at position 30 on $procdff$253 ($dff) from module matrix_layer_yosys.
Setting constant 1-bit at position 31 on $procdff$253 ($dff) from module matrix_layer_yosys.
Setting constant 1-bit at position 0 on $procdff$254 ($dff) from module matrix_layer_yosys.
Setting constant 1-bit at position 1 on $procdff$254 ($dff) from module matrix_layer_yosys.
Setting constant 1-bit at position 2 on $procdff$254 ($dff) from module matrix_layer_yosys.
Setting constant 1-bit at position 3 on $procdff$254 ($dff) from module matrix_layer_yosys.
Setting constant 1-bit at position 4 on $procdff$254 ($dff) from module matrix_layer_yosys.
Setting constant 1-bit at position 5 on $procdff$254 ($dff) from module matrix_layer_yosys.
Setting constant 1-bit at position 6 on $procdff$254 ($dff) from module matrix_layer_yosys.
Setting constant 1-bit at position 7 on $procdff$254 ($dff) from module matrix_layer_yosys.
Setting constant 1-bit at position 8 on $procdff$254 ($dff) from module matrix_layer_yosys.
Setting constant 1-bit at position 9 on $procdff$254 ($dff) from module matrix_layer_yosys.
Setting constant 1-bit at position 10 on $procdff$254 ($dff) from module matrix_layer_yosys.
Setting constant 1-bit at position 11 on $procdff$254 ($dff) from module matrix_layer_yosys.
Setting constant 1-bit at position 12 on $procdff$254 ($dff) from module matrix_layer_yosys.
Setting constant 1-bit at position 13 on $procdff$254 ($dff) from module matrix_layer_yosys.
Setting constant 1-bit at position 14 on $procdff$254 ($dff) from module matrix_layer_yosys.
Setting constant 1-bit at position 15 on $procdff$254 ($dff) from module matrix_layer_yosys.
Setting constant 1-bit at position 16 on $procdff$254 ($dff) from module matrix_layer_yosys.
Setting constant 1-bit at position 17 on $procdff$254 ($dff) from module matrix_layer_yosys.
Setting constant 1-bit at position 18 on $procdff$254 ($dff) from module matrix_layer_yosys.
Setting constant 1-bit at position 19 on $procdff$254 ($dff) from module matrix_layer_yosys.
Setting constant 1-bit at position 20 on $procdff$254 ($dff) from module matrix_layer_yosys.
Setting constant 1-bit at position 21 on $procdff$254 ($dff) from module matrix_layer_yosys.
Setting constant 1-bit at position 22 on $procdff$254 ($dff) from module matrix_layer_yosys.
Setting constant 1-bit at position 23 on $procdff$254 ($dff) from module matrix_layer_yosys.
Setting constant 1-bit at position 24 on $procdff$254 ($dff) from module matrix_layer_yosys.
Setting constant 1-bit at position 25 on $procdff$254 ($dff) from module matrix_layer_yosys.
Setting constant 1-bit at position 26 on $procdff$254 ($dff) from module matrix_layer_yosys.
Setting constant 1-bit at position 27 on $procdff$254 ($dff) from module matrix_layer_yosys.
Setting constant 1-bit at position 28 on $procdff$254 ($dff) from module matrix_layer_yosys.
Setting constant 1-bit at position 29 on $procdff$254 ($dff) from module matrix_layer_yosys.
Setting constant 1-bit at position 30 on $procdff$254 ($dff) from module matrix_layer_yosys.
Setting constant 1-bit at position 31 on $procdff$254 ($dff) from module matrix_layer_yosys.
Setting constant 1-bit at position 32 on $procdff$254 ($dff) from module matrix_layer_yosys.
Setting constant 1-bit at position 33 on $procdff$254 ($dff) from module matrix_layer_yosys.
Setting constant 1-bit at position 34 on $procdff$254 ($dff) from module matrix_layer_yosys.
Setting constant 1-bit at position 35 on $procdff$254 ($dff) from module matrix_layer_yosys.
Setting constant 1-bit at position 36 on $procdff$254 ($dff) from module matrix_layer_yosys.
Setting constant 1-bit at position 37 on $procdff$254 ($dff) from module matrix_layer_yosys.
Setting constant 1-bit at position 38 on $procdff$254 ($dff) from module matrix_layer_yosys.
Setting constant 1-bit at position 39 on $procdff$254 ($dff) from module matrix_layer_yosys.
Setting constant 1-bit at position 40 on $procdff$254 ($dff) from module matrix_layer_yosys.
Setting constant 1-bit at position 41 on $procdff$254 ($dff) from module matrix_layer_yosys.
Setting constant 1-bit at position 42 on $procdff$254 ($dff) from module matrix_layer_yosys.
Setting constant 1-bit at position 43 on $procdff$254 ($dff) from module matrix_layer_yosys.
Setting constant 1-bit at position 44 on $procdff$254 ($dff) from module matrix_layer_yosys.
Setting constant 1-bit at position 45 on $procdff$254 ($dff) from module matrix_layer_yosys.
Setting constant 1-bit at position 46 on $procdff$254 ($dff) from module matrix_layer_yosys.
Setting constant 1-bit at position 47 on $procdff$254 ($dff) from module matrix_layer_yosys.
Setting constant 1-bit at position 48 on $procdff$254 ($dff) from module matrix_layer_yosys.
Setting constant 1-bit at position 49 on $procdff$254 ($dff) from module matrix_layer_yosys.
Setting constant 1-bit at position 50 on $procdff$254 ($dff) from module matrix_layer_yosys.
Setting constant 1-bit at position 51 on $procdff$254 ($dff) from module matrix_layer_yosys.
Setting constant 1-bit at position 52 on $procdff$254 ($dff) from module matrix_layer_yosys.
Setting constant 1-bit at position 53 on $procdff$254 ($dff) from module matrix_layer_yosys.
Setting constant 1-bit at position 54 on $procdff$254 ($dff) from module matrix_layer_yosys.
Setting constant 1-bit at position 55 on $procdff$254 ($dff) from module matrix_layer_yosys.
Setting constant 1-bit at position 56 on $procdff$254 ($dff) from module matrix_layer_yosys.
Setting constant 1-bit at position 57 on $procdff$254 ($dff) from module matrix_layer_yosys.
Setting constant 1-bit at position 58 on $procdff$254 ($dff) from module matrix_layer_yosys.
Setting constant 1-bit at position 59 on $procdff$254 ($dff) from module matrix_layer_yosys.
Setting constant 1-bit at position 60 on $procdff$254 ($dff) from module matrix_layer_yosys.
Setting constant 1-bit at position 61 on $procdff$254 ($dff) from module matrix_layer_yosys.
Setting constant 1-bit at position 62 on $procdff$254 ($dff) from module matrix_layer_yosys.
Setting constant 1-bit at position 63 on $procdff$254 ($dff) from module matrix_layer_yosys.
Setting constant 1-bit at position 64 on $procdff$254 ($dff) from module matrix_layer_yosys.
Setting constant 1-bit at position 65 on $procdff$254 ($dff) from module matrix_layer_yosys.
Setting constant 1-bit at position 66 on $procdff$254 ($dff) from module matrix_layer_yosys.
Setting constant 1-bit at position 67 on $procdff$254 ($dff) from module matrix_layer_yosys.
Setting constant 1-bit at position 68 on $procdff$254 ($dff) from module matrix_layer_yosys.
Setting constant 1-bit at position 69 on $procdff$254 ($dff) from module matrix_layer_yosys.
Setting constant 1-bit at position 70 on $procdff$254 ($dff) from module matrix_layer_yosys.
Setting constant 1-bit at position 71 on $procdff$254 ($dff) from module matrix_layer_yosys.

4.7. Executing OPT_CLEAN pass (remove unused cells and wires).
Finding unused cells or wires in module \matrix_layer_yosys..
Removed 5 unused cells and 167 unused wires.
<suppressed ~15 debug messages>

4.8. Executing OPT_EXPR pass (perform const folding).
Optimizing module matrix_layer_yosys.
<suppressed ~1 debug messages>

4.9. Rerunning OPT passes. (Maybe there is more to do..)

4.10. Executing OPT_MUXTREE pass (detect dead branches in mux trees).
Running muxtree optimizer on module \matrix_layer_yosys..
  Creating internal representation of mux trees.
  Evaluating internal representation of mux trees.
  Analyzing evaluation results.
Removed 0 multiplexer ports.
<suppressed ~7 debug messages>

4.11. Executing OPT_REDUCE pass (consolidate $*mux and $reduce_* inputs).
  Optimizing cells in module \matrix_layer_yosys.
Performed a total of 0 changes.

4.12. Executing OPT_MERGE pass (detect identical cells).
Finding identical cells in module `\matrix_layer_yosys'.
Removed a total of 0 cells.

4.13. Executing OPT_DFF pass (perform DFF optimizations).

4.14. Executing OPT_CLEAN pass (remove unused cells and wires).
Finding unused cells or wires in module \matrix_layer_yosys..

4.15. Executing OPT_EXPR pass (perform const folding).
Optimizing module matrix_layer_yosys.

4.16. Finished OPT passes. (There is nothing left to do.)

5. Executing MEMORY pass.

5.1. Executing OPT_MEM pass (optimize memories).
Performed a total of 0 transformations.

5.2. Executing OPT_MEM_PRIORITY pass (removing unnecessary memory write priority relations).
Performed a total of 0 transformations.

5.3. Executing OPT_MEM_FEEDBACK pass (finding memory read-to-write feedback paths).

5.4. Executing MEMORY_BMUX2ROM pass (converting muxes to ROMs).

5.5. Executing MEMORY_DFF pass (merging $dff cells to $memrd).

5.6. Executing OPT_CLEAN pass (remove unused cells and wires).
Finding unused cells or wires in module \matrix_layer_yosys..

5.7. Executing MEMORY_SHARE pass (consolidating $memrd/$memwr cells).

5.8. Executing OPT_MEM_WIDEN pass (optimize memories where all ports are wide).
Performed a total of 0 transformations.

5.9. Executing OPT_CLEAN pass (remove unused cells and wires).
Finding unused cells or wires in module \matrix_layer_yosys..

5.10. Executing MEMORY_COLLECT pass (generating $mem cells).

5.11. Executing MEMORY_MAP pass (converting memories to logic and flip-flops).

6. Executing OPT pass (performing simple optimizations).

6.1. Executing OPT_EXPR pass (perform const folding).
Optimizing module matrix_layer_yosys.

6.2. Executing OPT_MERGE pass (detect identical cells).
Finding identical cells in module `\matrix_layer_yosys'.
Removed a total of 0 cells.

6.3. Executing OPT_MUXTREE pass (detect dead branches in mux trees).
Running muxtree optimizer on module \matrix_layer_yosys..
  Creating internal representation of mux trees.
  Evaluating internal representation of mux trees.
  Analyzing evaluation results.
Removed 0 multiplexer ports.
<suppressed ~7 debug messages>

6.4. Executing OPT_REDUCE pass (consolidate $*mux and $reduce_* inputs).
  Optimizing cells in module \matrix_layer_yosys.
Performed a total of 0 changes.

6.5. Executing OPT_MERGE pass (detect identical cells).
Finding identical cells in module `\matrix_layer_yosys'.
Removed a total of 0 cells.

6.6. Executing OPT_DFF pass (perform DFF optimizations).

6.7. Executing OPT_CLEAN pass (remove unused cells and wires).
Finding unused cells or wires in module \matrix_layer_yosys..

6.8. Executing OPT_EXPR pass (perform const folding).
Optimizing module matrix_layer_yosys.

6.9. Finished OPT passes. (There is nothing left to do.)

7. Executing TECHMAP pass (map to technology primitives).

7.1. Executing Verilog-2005 frontend: /usr/bin/../share/yosys/techmap.v
Parsing Verilog input from `/usr/bin/../share/yosys/techmap.v' to AST representation.
Generating RTLIL representation for module `\_90_simplemap_bool_ops'.
Generating RTLIL representation for module `\_90_simplemap_reduce_ops'.
Generating RTLIL representation for module `\_90_simplemap_logic_ops'.
Generating RTLIL representation for module `\_90_simplemap_compare_ops'.
Generating RTLIL representation for module `\_90_simplemap_various'.
Generating RTLIL representation for module `\_90_simplemap_registers'.
Generating RTLIL representation for module `\_90_shift_ops_shr_shl_sshl_sshr'.
Generating RTLIL representation for module `\_90_shift_shiftx'.
Generating RTLIL representation for module `\_90_fa'.
Generating RTLIL representation for module `\_90_lcu'.
Generating RTLIL representation for module `\_90_alu'.
Generating RTLIL representation for module `\_90_macc'.
Generating RTLIL representation for module `\_90_alumacc'.
Generating RTLIL representation for module `\$__div_mod_u'.
Generating RTLIL representation for module `\$__div_mod_trunc'.
Generating RTLIL representation for module `\_90_div'.
Generating RTLIL representation for module `\_90_mod'.
Generating RTLIL representation for module `\$__div_mod_floor'.
Generating RTLIL representation for module `\_90_divfloor'.
Generating RTLIL representation for module `\_90_modfloor'.
Generating RTLIL representation for module `\_90_pow'.
Generating RTLIL representation for module `\_90_pmux'.
Generating RTLIL representation for module `\_90_demux'.
Generating RTLIL representation for module `\_90_lut'.
Successfully finished Verilog frontend.

7.2. Continuing TECHMAP pass.
Using extmapper simplemap for cells of type $logic_and.
Running "alumacc" on wrapper $extern:wrap:$lt:A_SIGNED=1:A_WIDTH=18:B_SIGNED=1:B_WIDTH=32:Y_WIDTH=1:394426c56d1a028ba8fdd5469b163e04011def47.
Using template $extern:wrap:$lt:A_SIGNED=1:A_WIDTH=18:B_SIGNED=1:B_WIDTH=32:Y_WIDTH=1:394426c56d1a028ba8fdd5469b163e04011def47 for cells of type $extern:wrap:$lt:A_SIGNED=1:A_WIDTH=18:B_SIGNED=1:B_WIDTH=32:Y_WIDTH=1:394426c56d1a028ba8fdd5469b163e04011def47.
Using template $paramod$constmap:2a3a76ca84e6e87f3378055ee13a3866ae06170b$paramod$b6defe1885a38caa29433d011c6365392c91abf2\_90_shift_shiftx for cells of type $shift.
Using extmapper simplemap for cells of type $or.
Running "alumacc" on wrapper $extern:wrap:$add:A_SIGNED=0:A_WIDTH=32:B_SIGNED=0:B_WIDTH=1:Y_WIDTH=32:394426c56d1a028ba8fdd5469b163e04011def47.
Using template $extern:wrap:$add:A_SIGNED=0:A_WIDTH=32:B_SIGNED=0:B_WIDTH=1:Y_WIDTH=32:394426c56d1a028ba8fdd5469b163e04011def47 for cells of type $extern:wrap:$add:A_SIGNED=0:A_WIDTH=32:B_SIGNED=0:B_WIDTH=1:Y_WIDTH=32:394426c56d1a028ba8fdd5469b163e04011def47.
Running "alumacc" on wrapper $extern:wrap:$mul:A_SIGNED=0:A_WIDTH=32:B_SIGNED=0:B_WIDTH=31:Y_WIDTH=31:394426c56d1a028ba8fdd5469b163e04011def47.
Using template $extern:wrap:$mul:A_SIGNED=0:A_WIDTH=32:B_SIGNED=0:B_WIDTH=31:Y_WIDTH=31:394426c56d1a028ba8fdd5469b163e04011def47 for cells of type $extern:wrap:$mul:A_SIGNED=0:A_WIDTH=32:B_SIGNED=0:B_WIDTH=31:Y_WIDTH=31:394426c56d1a028ba8fdd5469b163e04011def47.
Using template $paramod$constmap:82b7f640ee98cf6b4502e371896c0f93b2e80748$paramod$74a8a8dcaf4b5dc2d9563329124564dd6e4ce944\_90_shift_shiftx for cells of type $shift.
Running "alumacc" on wrapper $extern:wrap:$neg:A_SIGNED=1:A_WIDTH=33:Y_WIDTH=33:394426c56d1a028ba8fdd5469b163e04011def47.
Using template $extern:wrap:$neg:A_SIGNED=1:A_WIDTH=33:Y_WIDTH=33:394426c56d1a028ba8fdd5469b163e04011def47 for cells of type $extern:wrap:$neg:A_SIGNED=1:A_WIDTH=33:Y_WIDTH=33:394426c56d1a028ba8fdd5469b163e04011def47.
Analyzing pattern of constant bits for this cell:
Creating constmapped module `$paramod$constmap:c2329316ca5c1872bfa9f2f4bcc4795c49e4e18a$paramod$74a8a8dcaf4b5dc2d9563329124564dd6e4ce944\_90_shift_shiftx'.

7.21. Executing OPT_MUXTREE pass (detect dead branches in mux trees).
Running muxtree optimizer on module $paramod$constmap:c2329316ca5c1872bfa9f2f4bcc4795c49e4e18a$paramod$74a8a8dcaf4b5dc2d9563329124564dd6e4ce944\_90_shift_shiftx..
  Creating internal representation of mux trees.
  Evaluating internal representation of mux trees.
  Analyzing evaluation results.
    dead port 2/2 on $mux $procmux$651.
    dead port 2/2 on $mux $procmux$645.
    dead port 2/2 on $mux $procmux$639.
    dead port 2/2 on $mux $procmux$633.
    dead port 2/2 on $mux $procmux$627.
    dead port 2/2 on $mux $procmux$621.
    dead port 2/2 on $mux $procmux$615.
    dead port 2/2 on $mux $procmux$609.
Removed 8 multiplexer ports.
<suppressed ~667 debug messages>

7.22. Executing OPT_EXPR pass (perform const folding).
Optimizing module $paramod$constmap:c2329316ca5c1872bfa9f2f4bcc4795c49e4e18a$paramod$74a8a8dcaf4b5dc2d9563329124564dd6e4ce944\_90_shift_shiftx.
<suppressed ~26 debug messages>
Removed 0 unused cells and 13 unused wires.
Using template $paramod$constmap:c2329316ca5c1872bfa9f2f4bcc4795c49e4e18a$paramod$74a8a8dcaf4b5dc2d9563329124564dd6e4ce944\_90_shift_shiftx for cells of type $shift.
Using extmapper simplemap for cells of type $not.
Using extmapper simplemap for cells of type $and.
Running "alumacc" on wrapper $extern:wrap:$add:A_SIGNED=0:A_WIDTH=1:B_SIGNED=0:B_WIDTH=32:Y_WIDTH=32:394426c56d1a028ba8fdd5469b163e04011def47.
Using template $extern:wrap:$add:A_SIGNED=0:A_WIDTH=1:B_SIGNED=0:B_WIDTH=32:Y_WIDTH=32:394426c56d1a028ba8fdd5469b163e04011def47 for cells of type $extern:wrap:$add:A_SIGNED=0:A_WIDTH=1:B_SIGNED=0:B_WIDTH=32:Y_WIDTH=32:394426c56d1a028ba8fdd5469b163e04011def47.
Using template $paramod$constmap:c967c226570bf11e2329475846e346a5959d0c7b$paramod$818c8d976a91614492e039946b24c7d44947f5d1\_90_shift_shiftx for cells of type $shiftx.
Using template $paramod$constmap:4a5767b34c7e172f260d427f0e4daa3c9a3f453c$paramod$16f9a8b11e94c9a0f4f3072aeecde23b0128255b\_90_shift_shiftx for cells of type $shiftx.
Running "alumacc" on wrapper $extern:wrap:$add:A_SIGNED=0:A_WIDTH=32:B_SIGNED=0:B_WIDTH=32:Y_WIDTH=32:394426c56d1a028ba8fdd5469b163e04011def47.
Using template $extern:wrap:$add:A_SIGNED=0:A_WIDTH=32:B_SIGNED=0:B_WIDTH=32:Y_WIDTH=32:394426c56d1a028ba8fdd5469b163e04011def47 for cells of type $extern:wrap:$add:A_SIGNED=0:A_WIDTH=32:B_SIGNED=0:B_WIDTH=32:Y_WIDTH=32:394426c56d1a028ba8fdd5469b163e04011def47.
Using template $paramod$constmap:da283fa03f54264b1ac64045e6b92c72b69afff5$paramod$3c22fa67685c4ece6d7a71e8c65fa1c930a7b26e\_90_shift_shiftx for cells of type $shiftx.
Using extmapper simplemap for cells of type $reduce_bool.
Using extmapper simplemap for cells of type $ne.
Running "alumacc" on wrapper $extern:wrap:$mul:A_SIGNED=0:A_WIDTH=1:B_SIGNED=0:B_WIDTH=32:Y_WIDTH=32:394426c56d1a028ba8fdd5469b163e04011def47.
Using template $extern:wrap:$mul:A_SIGNED=0:A_WIDTH=1:B_SIGNED=0:B_WIDTH=32:Y_WIDTH=32:394426c56d1a028ba8fdd5469b163e04011def47 for cells of type $extern:wrap:$mul:A_SIGNED=0:A_WIDTH=1:B_SIGNED=0:B_WIDTH=32:Y_WIDTH=32:394426c56d1a028ba8fdd5469b163e04011def47.
Using template $paramod$constmap:532d9cf8ec8bb1a930a7b167749fa4554596c723$paramod$a21677083453f01bca5d25327f444f158d449e6a\_90_shift_shiftx for cells of type $shiftx.
Running "alumacc" on wrapper $extern:wrap:$add:A_SIGNED=1:A_WIDTH=18:B_SIGNED=1:B_WIDTH=18:Y_WIDTH=18:394426c56d1a028ba8fdd5469b163e04011def47.
Using template $extern:wrap:$add:A_SIGNED=1:A_WIDTH=18:B_SIGNED=1:B_WIDTH=18:Y_WIDTH=18:394426c56d1a028ba8fdd5469b163e04011def47 for cells of type $extern:wrap:$add:A_SIGNED=1:A_WIDTH=18:B_SIGNED=1:B_WIDTH=18:Y_WIDTH=18:394426c56d1a028ba8fdd5469b163e04011def47.
Using extmapper simplemap for cells of type $mux.
Using extmapper simplemap for cells of type $eq.
Using template $paramod$d31bf4d7d72e59528d18fbd4f322e9d608532043\_90_pmux for cells of type $pmux.
Using extmapper simplemap for cells of type $logic_not.
Using extmapper simplemap for cells of type $dffe.
Using extmapper simplemap for cells of type $sdff.
Using extmapper simplemap for cells of type $dff.
Using template $paramod$6a42b6fefed750f8a1c58eab59479d960557103c\_90_alu for cells of type $alu.
Using extmapper simplemap for cells of type $xor.
Using template $paramod$fbcf46ed94b87f5a0d4aa07686f54f8c76ced033\_90_alu for cells of type $alu.
Using template $paramod$f9ff466c9b9a68555c41df08348b1615aa9bc5ec\_90_alu for cells of type $alu.
Using extmapper maccmap for cells of type $macc.
  add $add$synthesis/matrix_layer_yosys.sv:77$37_Y * 31'0000000000000000000000000001001 (32x31 bits, unsigned)
Using template $paramod$e3e2a2ae1e4d598b5e0e0be67cc1104653ecf8c1\_90_alu for cells of type $alu.
Using template $paramod$fbc7873bff55778c0b3173955b7e4bce1d9d6834\_90_alu for cells of type $alu.
  add 17 * \col_index (32x1 bits, unsigned)
Using extmapper simplemap for cells of type $reduce_or.
Using template $paramod\_90_lcu\WIDTH=32'00000000000000000000000000100000 for cells of type $lcu.
Using extmapper simplemap for cells of type $pos.
Using template $paramod\_90_lcu\WIDTH=32'00000000000000000000000000010010 for cells of type $lcu.
Using template $paramod\_90_fa\WIDTH=32'00000000000000000000000000011111 for cells of type $fa.
Using template $paramod$ebf89ea36a793f0f77858f212141d47c833068ad\_90_alu for cells of type $alu.
Using template $paramod\_90_lcu\WIDTH=32'00000000000000000000000000100001 for cells of type $lcu.
Using template $paramod\_90_lcu\WIDTH=32'00000000000000000000000000011111 for cells of type $lcu.
No more expansions possible.
<suppressed ~3468 debug messages>

8. Executing OPT pass (performing simple optimizations).

8.1. Executing OPT_EXPR pass (perform const folding).
Optimizing module matrix_layer_yosys.
<suppressed ~16055 debug messages>

8.2. Executing OPT_MERGE pass (detect identical cells).
Finding identical cells in module `\matrix_layer_yosys'.
<suppressed ~2040 debug messages>
Removed a total of 680 cells.

8.3. Executing OPT_MUXTREE pass (detect dead branches in mux trees).
Running muxtree optimizer on module \matrix_layer_yosys..
  Creating internal representation of mux trees.
  No muxes found in this module.
Removed 0 multiplexer ports.

8.4. Executing OPT_REDUCE pass (consolidate $*mux and $reduce_* inputs).
  Optimizing cells in module \matrix_layer_yosys.
Performed a total of 0 changes.

8.5. Executing OPT_MERGE pass (detect identical cells).
Finding identical cells in module `\matrix_layer_yosys'.
Removed a total of 0 cells.

8.6. Executing OPT_DFF pass (perform DFF optimizations).

8.7. Executing OPT_CLEAN pass (remove unused cells and wires).
Finding unused cells or wires in module \matrix_layer_yosys..
Removed 573 unused cells and 1859 unused wires.
<suppressed ~574 debug messages>

8.8. Executing OPT_EXPR pass (perform const folding).
Optimizing module matrix_layer_yosys.
<suppressed ~58 debug messages>

8.9. Rerunning OPT passes. (Maybe there is more to do..)

8.10. Executing OPT_MUXTREE pass (detect dead branches in mux trees).
Running muxtree optimizer on module \matrix_layer_yosys..
  Creating internal representation of mux trees.
  No muxes found in this module.
Removed 0 multiplexer ports.

8.11. Executing OPT_REDUCE pass (consolidate $*mux and $reduce_* inputs).
  Optimizing cells in module \matrix_layer_yosys.
Performed a total of 0 changes.

8.12. Executing OPT_MERGE pass (detect identical cells).
Finding identical cells in module `\matrix_layer_yosys'.
<suppressed ~3 debug messages>
Removed a total of 1 cells.

8.13. Executing OPT_DFF pass (perform DFF optimizations).
Adding SRST signal on $auto$ff.cc:266:slice$1807 ($_SDFF_PP0_) from module matrix_layer_yosys (D = $procmux$133.B_AND_S [2], Q = \state [2], rval = 1'0).
Adding SRST signal on $auto$ff.cc:266:slice$1806 ($_SDFF_PP0_) from module matrix_layer_yosys (D = $procmux$133.Y_B [1], Q = \state [1], rval = 1'0).
Adding SRST signal on $auto$ff.cc:266:slice$1805 ($_SDFF_PP0_) from module matrix_layer_yosys (D = $procmux$133.Y_B [0], Q = \state [0], rval = 1'0).

8.14. Executing OPT_CLEAN pass (remove unused cells and wires).
Finding unused cells or wires in module \matrix_layer_yosys..
Removed 3 unused cells and 38 unused wires.
<suppressed ~5 debug messages>

8.15. Executing OPT_EXPR pass (perform const folding).
Optimizing module matrix_layer_yosys.

8.16. Rerunning OPT passes. (Maybe there is more to do..)

8.17. Executing OPT_MUXTREE pass (detect dead branches in mux trees).
Running muxtree optimizer on module \matrix_layer_yosys..
  Creating internal representation of mux trees.
  No muxes found in this module.
Removed 0 multiplexer ports.

8.18. Executing OPT_REDUCE pass (consolidate $*mux and $reduce_* inputs).
  Optimizing cells in module \matrix_layer_yosys.
Performed a total of 0 changes.

8.19. Executing OPT_MERGE pass (detect identical cells).
Finding identical cells in module `\matrix_layer_yosys'.
<suppressed ~12 debug messages>
Removed a total of 4 cells.

8.20. Executing OPT_DFF pass (perform DFF optimizations).

8.21. Executing OPT_CLEAN pass (remove unused cells and wires).
Finding unused cells or wires in module \matrix_layer_yosys..
Removed 0 unused cells and 4 unused wires.
<suppressed ~1 debug messages>

8.22. Executing OPT_EXPR pass (perform const folding).
Optimizing module matrix_layer_yosys.

8.23. Rerunning OPT passes. (Maybe there is more to do..)

8.24. Executing OPT_MUXTREE pass (detect dead branches in mux trees).
Running muxtree optimizer on module \matrix_layer_yosys..
  Creating internal representation of mux trees.
  No muxes found in this module.
Removed 0 multiplexer ports.

8.25. Executing OPT_REDUCE pass (consolidate $*mux and $reduce_* inputs).
  Optimizing cells in module \matrix_layer_yosys.
Performed a total of 0 changes.

8.26. Executing OPT_MERGE pass (detect identical cells).
Finding identical cells in module `\matrix_layer_yosys'.
Removed a total of 0 cells.

8.27. Executing OPT_DFF pass (perform DFF optimizations).

8.28. Executing OPT_CLEAN pass (remove unused cells and wires).
Finding unused cells or wires in module \matrix_layer_yosys..

8.29. Executing OPT_EXPR pass (perform const folding).
Optimizing module matrix_layer_yosys.

8.30. Finished OPT passes. (There is nothing left to do.)

9. Printing statistics.

=== matrix_layer_yosys ===

   Number of wires:                188
   Number of wire bits:           5994
   Number of public wires:          21
   Number of public wire bits:     347
   Number of memories:               0
   Number of memory bits:            0
   Number of processes:              0
   Number of cells:               1426
     $_AND_                        171
     $_DFFE_PN_                     72
     $_DFFE_PP_                     99
     $_DFF_P_                        1
     $_MUX_                        835
     $_NOT_                         64
     $_OR_                         140
     $_SDFF_PP0_                     3
     $_XOR_                         40
     dot_product                     1

End of script. Logfile hash: 770aa5de4e, CPU: user 2.88s system 0.16s, MEM: 66.37 MB peak
Yosys 0.33 (git sha1 2584903a060)
Time spent: 35% 32x opt_expr (1 sec), 22% 1x techmap (0 sec), ...
