Copyright 1986-2022 Xilinx, Inc. All Rights Reserved. Copyright 2022-2026 Advanced Micro Devices, Inc. All Rights Reserved.
---------------------------------------------------------------------------------------------------------------------------------------------
| Tool Version : Vivado v.2026.1 (win64) Build 6511674 Tue Jun 16 11:02:23 MDT 2026
| Date         : Sat Sep 12 12:47:26 2026
| Host         : Bajji running 64-bit major release  (build 9200)
| Command      : report_timing_summary -file ../../reports/vivado/vivado_timing.rpt
| Design       : top
| Device       : 7a35ti-csg324
| Speed File   : -1L  PRODUCTION 1.23 2018-06-13
| Design State : Routed
---------------------------------------------------------------------------------------------------------------------------------------------

Timing Summary Report

------------------------------------------------------------------------------------------------
| Timer Settings
| --------------
------------------------------------------------------------------------------------------------

  Enable Multi Corner Analysis               :  Yes
  Enable Pessimism Removal                   :  Yes
  Pessimism Removal Resolution               :  Nearest Common Node
  Enable Input Delay Default Clock           :  No
  Enable Preset / Clear Arcs                 :  No
  Disable Flight Delays                      :  No
  Ignore I/O Paths                           :  No
  Timing Early Launch at Borrowing Latches   :  No
  Borrow Time for Max Delay Exceptions       :  Yes
  Merge Timing Exceptions                    :  Yes
  Inter-SLR Compensation                     :  Conservative

  Corner  Analyze    Analyze
  Name    Max Paths  Min Paths
  ------  ---------  ---------
  Slow    Yes        Yes
  Fast    Yes        Yes


------------------------------------------------------------------------------------------------
| Report Methodology
| ------------------
------------------------------------------------------------------------------------------------

Rule       Severity  Description                    Violations
---------  --------  -----------------------------  ----------
TIMING-18  Warning   Missing input or output delay  3

Note: This report is based on the most recent report_methodology run and may not be up-to-date. Run report_methodology on the current design for the latest report.



check_timing report

Table of Contents
-----------------
1. checking no_clock (0)
2. checking constant_clock (0)
3. checking pulse_width_clock (0)
4. checking unconstrained_internal_endpoints (0)
5. checking no_input_delay (1)
6. checking no_output_delay (2)
7. checking multiple_clock (0)
8. checking generated_clocks (0)
9. checking loops (0)
10. checking partial_input_delay (0)
11. checking partial_output_delay (0)
12. checking latch_loops (0)

1. checking no_clock (0)
------------------------
 There are 0 register/latch pins with no clock.


2. checking constant_clock (0)
------------------------------
 There are 0 register/latch pins with constant_clock.


3. checking pulse_width_clock (0)
---------------------------------
 There are 0 register/latch pins which need pulse_width check


4. checking unconstrained_internal_endpoints (0)
------------------------------------------------
 There are 0 pins that are not constrained for maximum delay.

 There are 0 pins that are not constrained for maximum delay due to constant clock.


5. checking no_input_delay (1)
------------------------------
 There is 1 input port with no input delay specified. (HIGH)

 There are 0 input ports with no input delay but user has a false path constraint.


6. checking no_output_delay (2)
-------------------------------
 There are 2 ports with no output delay specified. (HIGH)

 There are 0 ports with no output delay but user has a false path constraint

 There are 0 ports with no output delay but with a timing clock defined on it or propagating through it


7. checking multiple_clock (0)
------------------------------
 There are 0 register/latch pins with multiple clocks.


8. checking generated_clocks (0)
--------------------------------
 There are 0 generated clocks that are not connected to a clock source.


9. checking loops (0)
---------------------
 There are 0 combinational loops in the design.


10. checking partial_input_delay (0)
------------------------------------
 There are 0 input ports with partial input delay specified.


11. checking partial_output_delay (0)
-------------------------------------
 There are 0 ports with partial output delay specified.


12. checking latch_loops (0)
----------------------------
 There are 0 combinational latch loops in the design through latch input



------------------------------------------------------------------------------------------------
| Design Timing Summary
| ---------------------
------------------------------------------------------------------------------------------------

    WNS(ns)      TNS(ns)  TNS Failing Endpoints  TNS Total Endpoints      WHS(ns)      THS(ns)  THS Failing Endpoints  THS Total Endpoints     WPWS(ns)     TPWS(ns)  TPWS Failing Endpoints  TPWS Total Endpoints
    -------      -------  ---------------------  -------------------      -------      -------  ---------------------  -------------------     --------     --------  ----------------------  --------------------
     78.529        0.000                      0                  287        0.140        0.000                      0                  287       41.166        0.000                       0                   120


All user specified timing constraints are met.


------------------------------------------------------------------------------------------------
| Clock Summary
| -------------
------------------------------------------------------------------------------------------------

Clock  Waveform(ns)       Period(ns)      Frequency(MHz)
-----  ------------       ----------      --------------
clk    {0.000 41.666}     83.333          12.000


------------------------------------------------------------------------------------------------
| Intra Clock Table
| -----------------
------------------------------------------------------------------------------------------------

Clock             WNS(ns)      TNS(ns)  TNS Failing Endpoints  TNS Total Endpoints      WHS(ns)      THS(ns)  THS Failing Endpoints  THS Total Endpoints     WPWS(ns)     TPWS(ns)  TPWS Failing Endpoints  TPWS Total Endpoints
-----             -------      -------  ---------------------  -------------------      -------      -------  ---------------------  -------------------     --------     --------  ----------------------  --------------------
clk                78.529        0.000                      0                  287        0.140        0.000                      0                  287       41.166        0.000                       0                   120


------------------------------------------------------------------------------------------------
| Inter Clock Table
| -----------------
------------------------------------------------------------------------------------------------

From Clock    To Clock          WNS(ns)      TNS(ns)  TNS Failing Endpoints  TNS Total Endpoints      WHS(ns)      THS(ns)  THS Failing Endpoints  THS Total Endpoints
----------    --------          -------      -------  ---------------------  -------------------      -------      -------  ---------------------  -------------------


------------------------------------------------------------------------------------------------
| Other Path Groups Table
| -----------------------
------------------------------------------------------------------------------------------------

Path Group    From Clock    To Clock          WNS(ns)      TNS(ns)  TNS Failing Endpoints  TNS Total Endpoints      WHS(ns)      THS(ns)  THS Failing Endpoints  THS Total Endpoints
----------    ----------    --------          -------      -------  ---------------------  -------------------      -------      -------  ---------------------  -------------------


------------------------------------------------------------------------------------------------
| Timing Details
| --------------
------------------------------------------------------------------------------------------------


---------------------------------------------------------------------------------------------------
From Clock:  clk
  To Clock:  clk

Setup :            0  Failing Endpoints,  Worst Slack       78.529ns,  Total Violation        0.000ns
Hold  :            0  Failing Endpoints,  Worst Slack        0.140ns,  Total Violation        0.000ns
PW    :            0  Failing Endpoints,  Worst Slack       41.166ns,  Total Violation        0.000ns
---------------------------------------------------------------------------------------------------


Max Delay Paths
--------------------------------------------------------------------------------------
Slack (MET) :             78.529ns  (required time - arrival time)
  Source:                 dut/dut/count_reg[0]/C
                            (rising edge-triggered cell FDRE clocked by clk  {rise@0.000ns fall@41.667ns period=83.333ns})
  Destination:            dut/dut/acc_reg[16]/D
                            (rising edge-triggered cell FDRE clocked by clk  {rise@0.000ns fall@41.667ns period=83.333ns})
  Path Group:             clk
  Path Type:              Setup (Max at Slow Process Corner)
  Requirement:            83.333ns  (clk rise@83.333ns - clk rise@0.000ns)
  Data Path Delay:        4.805ns  (logic 2.776ns (57.778%)  route 2.029ns (42.222%))
  Logic Levels:           8  (CARRY4=6 LUT2=1 LUT5=1)
  Clock Path Skew:        -0.026ns (DCD - SCD + CPR)
    Destination Clock Delay (DCD):    4.305ns = ( 87.638 - 83.333 )
    Source Clock Delay      (SCD):    4.666ns
    Clock Pessimism Removal (CPR):    0.335ns
  Clock Uncertainty:      0.035ns  ((TSJ^2 + TIJ^2)^1/2 + DJ) / 2 + PE
    Total System Jitter     (TSJ):    0.071ns
    Total Input Jitter      (TIJ):    0.000ns
    Discrete Jitter          (DJ):    0.000ns
    Phase Error              (PE):    0.000ns

    Location             Delay type                Incr(ns)  Path(ns)    Netlist Resource(s)
  -------------------------------------------------------------------    -------------------
                         (clock clk rise edge)        0.000     0.000 r  <hidden>
    N15                                               0.000     0.000 r  clk
                         net (fo=0)                   0.000     0.000    clk
    N15                  IBUF (Prop_ibuf_I_O)         0.962     0.962 r  clk_IBUF_inst/O
                         net (fo=1, routed)           1.972     2.933    clk_IBUF
    BUFGCTRL_X0Y0        BUFG (Prop_bufg_I_O)         0.096     3.029 r  clk_IBUF_BUFG_inst/O
                         net (fo=119, routed)         1.636     4.666    dut/dut/clk_IBUF_BUFG
    SLICE_X6Y1           FDRE                                         r  dut/dut/count_reg[0]/C
  -------------------------------------------------------------------    -------------------
    SLICE_X6Y1           FDRE (Prop_fdre_C_Q)         0.518     5.184 r  dut/dut/count_reg[0]/Q
                         net (fo=12, routed)          0.876     6.060    dut/dut/count_reg_n_0_[0]
    SLICE_X6Y3           LUT5 (Prop_lut5_I2_O)        0.124     6.184 r  dut/dut/product_carry_i_3/O
                         net (fo=1, routed)           0.407     6.591    dut/dut/compute_multiplier/DI[0]
    SLICE_X7Y3           CARRY4 (Prop_carry4_DI[1]_CO[3])
                                                      0.507     7.098 r  dut/dut/compute_multiplier/product_carry/CO[3]
                         net (fo=1, routed)           0.000     7.098    dut/dut/compute_multiplier_n_0
    SLICE_X7Y4           CARRY4 (Prop_carry4_CI_CO[0])
                                                      0.271     7.369 r  dut/dut/acc_reg[4]_i_2/CO[0]
                         net (fo=3, routed)           0.745     8.114    dut/dut/in[4]
    SLICE_X4Y2           LUT2 (Prop_lut2_I0_O)        0.373     8.487 r  dut/dut/acc[4]_i_3/O
                         net (fo=1, routed)           0.000     8.487    dut/dut/acc[4]_i_3_n_0
    SLICE_X4Y2           CARRY4 (Prop_carry4_S[0]_CO[3])
                                                      0.532     9.019 r  dut/dut/acc_reg[4]_i_1/CO[3]
                         net (fo=1, routed)           0.000     9.019    dut/dut/acc_reg[4]_i_1_n_0
    SLICE_X4Y3           CARRY4 (Prop_carry4_CI_CO[3])
                                                      0.114     9.133 r  dut/dut/acc_reg[8]_i_1/CO[3]
                         net (fo=1, routed)           0.000     9.133    dut/dut/acc_reg[8]_i_1_n_0
    SLICE_X4Y4           CARRY4 (Prop_carry4_CI_CO[3])
                                                      0.114     9.247 r  dut/dut/acc_reg[12]_i_1/CO[3]
                         net (fo=1, routed)           0.000     9.247    dut/dut/acc_reg[12]_i_1_n_0
    SLICE_X4Y5           CARRY4 (Prop_carry4_CI_O[0])
                                                      0.223     9.470 r  dut/dut/acc_reg[16]_i_1/O[0]
                         net (fo=1, routed)           0.000     9.470    dut/dut/acc_reg[16]_i_1_n_7
    SLICE_X4Y5           FDRE                                         r  dut/dut/acc_reg[16]/D
  -------------------------------------------------------------------    -------------------

                         (clock clk rise edge)       83.333    83.333 r  <hidden>
    N15                                               0.000    83.333 r  clk
                         net (fo=0)                   0.000    83.333    clk
    N15                  IBUF (Prop_ibuf_I_O)         0.828    84.161 r  clk_IBUF_inst/O
                         net (fo=1, routed)           1.868    86.029    clk_IBUF
    BUFGCTRL_X0Y0        BUFG (Prop_bufg_I_O)         0.091    86.120 r  clk_IBUF_BUFG_inst/O
                         net (fo=119, routed)         1.517    87.638    dut/dut/clk_IBUF_BUFG
    SLICE_X4Y5           FDRE                                         r  dut/dut/acc_reg[16]/C
                         clock pessimism              0.335    87.973    <hidden>
                         clock uncertainty           -0.035    87.937    <hidden>
    SLICE_X4Y5           FDRE (Setup_fdre_C_D)        0.062    87.999    dut/dut/acc_reg[16]
  -------------------------------------------------------------------
                         required time                         87.999    <hidden>
                         arrival time                          -9.470    <hidden>
  -------------------------------------------------------------------
                         slack                                 78.529    <hidden>





Min Delay Paths
--------------------------------------------------------------------------------------
Slack (MET) :             0.140ns  (arrival time - required time)
  Source:                 dut/output_data_reg[1][2][1]/C
                            (rising edge-triggered cell FDRE clocked by clk  {rise@0.000ns fall@41.667ns period=83.333ns})
  Destination:            uart/data_reg_reg[1]/D
                            (rising edge-triggered cell FDRE clocked by clk  {rise@0.000ns fall@41.667ns period=83.333ns})
  Path Group:             clk
  Path Type:              Hold (Min at Fast Process Corner)
  Requirement:            0.000ns  (clk rise@0.000ns - clk rise@0.000ns)
  Data Path Delay:        0.273ns  (logic 0.186ns (68.106%)  route 0.087ns (31.894%))
  Logic Levels:           1  (LUT6=1)
  Clock Path Skew:        0.013ns (DCD - SCD - CPR)
    Destination Clock Delay (DCD):    1.964ns
    Source Clock Delay      (SCD):    1.446ns
    Clock Pessimism Removal (CPR):    0.504ns

    Location             Delay type                Incr(ns)  Path(ns)    Netlist Resource(s)
  -------------------------------------------------------------------    -------------------
                         (clock clk rise edge)        0.000     0.000 r  <hidden>
    N15                                               0.000     0.000 r  clk
                         net (fo=0)                   0.000     0.000    clk
    N15                  IBUF (Prop_ibuf_I_O)         0.191     0.191 r  clk_IBUF_inst/O
                         net (fo=1, routed)           0.634     0.825    clk_IBUF
    BUFGCTRL_X0Y0        BUFG (Prop_bufg_I_O)         0.026     0.851 r  clk_IBUF_BUFG_inst/O
                         net (fo=119, routed)         0.596     1.446    dut/clk_IBUF_BUFG
    SLICE_X3Y2           FDRE                                         r  dut/output_data_reg[1][2][1]/C
  -------------------------------------------------------------------    -------------------
    SLICE_X3Y2           FDRE (Prop_fdre_C_Q)         0.141     1.587 r  dut/output_data_reg[1][2][1]/Q
                         net (fo=1, routed)           0.087     1.675    dut/output_data_reg[1][2][1]
    SLICE_X2Y2           LUT6 (Prop_lut6_I3_O)        0.045     1.720 r  dut/data_reg[1]_i_1/O
                         net (fo=1, routed)           0.000     1.720    uart/D[1]
    SLICE_X2Y2           FDRE                                         r  uart/data_reg_reg[1]/D
  -------------------------------------------------------------------    -------------------

                         (clock clk rise edge)        0.000     0.000 r  <hidden>
    N15                                               0.000     0.000 r  clk
                         net (fo=0)                   0.000     0.000    clk
    N15                  IBUF (Prop_ibuf_I_O)         0.380     0.380 r  clk_IBUF_inst/O
                         net (fo=1, routed)           0.689     1.068    clk_IBUF
    BUFGCTRL_X0Y0        BUFG (Prop_bufg_I_O)         0.029     1.097 r  clk_IBUF_BUFG_inst/O
                         net (fo=119, routed)         0.867     1.964    uart/CLK
    SLICE_X2Y2           FDRE                                         r  uart/data_reg_reg[1]/C
                         clock pessimism             -0.504     1.459    <hidden>
    SLICE_X2Y2           FDRE (Hold_fdre_C_D)         0.120     1.579    uart/data_reg_reg[1]
  -------------------------------------------------------------------
                         required time                         -1.579    <hidden>
                         arrival time                           1.720    <hidden>
  -------------------------------------------------------------------
                         slack                                  0.140    <hidden>





Pulse Width Checks
--------------------------------------------------------------------------------------
Clock Name:         clk
Waveform(ns):       { 0.000 41.667 }
Period(ns):         83.333
Sources:            { clk }

Check Type        Corner  Lib Pin  Reference Pin  Required(ns)  Actual(ns)  Slack(ns)  Location       Pin
Min Period        n/a     BUFG/I   n/a            2.155         83.333      81.178     BUFGCTRL_X0Y0  clk_IBUF_BUFG_inst/I
Low Pulse Width   Slow    FDRE/C   n/a            0.500         41.666      41.166     SLICE_X6Y0     FSM_sequential_state_reg[0]/C
High Pulse Width  Slow    FDRE/C   n/a            0.500         41.666      41.167     SLICE_X6Y0     FSM_sequential_state_reg[0]/C
